Arguments: 
  /home/innexinit/.nvm/versions/node/v19.8.1/bin/node /snap/node/7581/bin/yarn.js install

PATH: 
  /home/innexinit/.rbenv/shims:/home/innexinit/.rbenv/bin:/home/innexinit/.nvm/versions/node/v19.8.1/bin:/home/innexinit/.rbenv/shims:/home/innexinit/.rbenv/bin:/usr/local/sbin:/usr/local/bin:/usr/sbin:/usr/bin:/sbin:/bin:/usr/games:/usr/local/games:/snap/bin:/snap/bin

Yarn version: 
  1.22.19

Node version: 
  19.8.1

Platform: 
  linux x64

Trace: 
  Error: getaddrinfo EAI_AGAIN registry.yarnpkg.com
      at GetAddrInfoReqWrap.onlookup [as oncomplete] (node:dns:107:26)

npm manifest: 
  {
    "name": "ascend-backend-api",
    "version": "0.0.1",
    "description": "ascend backend api",
    "repository": "https://github.com/AscendHQ/ascend-backend-api.git",
    "author": "Innextinit <innextinit@gmail.com>",
    "license": "MIT",
    "dependencies": {
      "@types/morgan": "^1.9.4",
      "axios": "^0.27.2",
      "celebrate": "^12.2.0",
      "connect-mongo": "^5.0.0",
      "cookie-parser": "^1.4.6",
      "cors": "^2.8.5",
      "date-fns": "^2.28.0",
      "debug": "~4.3.4",
      "dotenv": "^16.0.1",
      "express": "~4.18.1",
      "express-session": "^1.17.3",
      "express-validator": "^7.0.1",
      "mongodb": "^5.4.0",
      "mongoose": "^6.4.0",
      "morgan": "^1.10.0",
      "nanoid": "^3.1.30"
    },
    "devDependencies": {
      "@types/connect-mongo": "^3.1.3",
      "@types/cookie-parser": "^1.4.3",
      "@types/cors": "^2.8.12",
      "@types/express": "^4.17.13",
      "@types/express-session": "^1.17.4",
      "@types/node": "^18.0.1",
      "@types/nodemon": "^1.19.1",
      "ts-node-dev": "^2.0.0",
      "typescript": "^4.7.4"
    }
  }

yarn manifest: 
  No manifest

Lockfile: 
  No lockfile
